job:    release
commit: 50e748493e449b0ab3d7a5cb03e9b374d9c132b3
run:    https://github.com/Amirmahdavi2022/parsv2r/actions/runs/34898713361
when:   2026-09-14T21:28:58Z

---- last 400 lines ----
To honour the JVM settings for this build a single-use Daemon process will be forked. For more on this, please refer to https://docs.gradle.org/8.11.1/userguide/gradle_daemon.html#sec:disabling_the_daemon in the Gradle documentation.
Daemon will be stopped at the end of the build 
> Task :app:preBuild UP-TO-DATE
> Task :app:preReleaseBuild UP-TO-DATE
> Task :core:compileJava UP-TO-DATE
> Task :core:processResources NO-SOURCE
> Task :core:classes UP-TO-DATE
> Task :core:jar
> Task :app:dataBindingMergeDependencyArtifactsRelease
> Task :app:generateReleaseResValues FROM-CACHE
> Task :app:generateReleaseResources
> Task :app:packageReleaseResources
> Task :app:parseReleaseLocalResources FROM-CACHE
> Task :app:javaPreCompileRelease FROM-CACHE
> Task :app:checkReleaseAarMetadata
> Task :app:mapReleaseSourceSetPaths
> Task :app:createReleaseCompatibleScreenManifests
> Task :app:extractDeepLinksRelease FROM-CACHE

> Task :app:processReleaseMainManifest
/home/runner/work/parsv2r/parsv2r/app/src/main/AndroidManifest.xml:24:9-41 Warning:
	android:extractNativeLibs should not be specified in this source AndroidManifest.xml file. See https://d.android.com/guide/topics/manifest/application-element#extractNativeLibs for more information.
The AGP Upgrade Assistant can remove the attribute from the AndroidManifest.xml file and update the build file accordingly. See https://d.android.com/studio/build/agp-upgrade-assistant for more information.

> Task :app:processReleaseManifest
> Task :app:extractProguardFiles
> Task :app:processReleaseManifestForPackage
> Task :app:mergeReleaseResources
> Task :app:mergeReleaseJniLibFolders
> Task :app:dataBindingGenBaseClassesRelease FROM-CACHE
> Task :app:mergeReleaseNativeLibs
> Task :app:checkReleaseDuplicateClasses
> Task :app:mergeReleaseArtProfile
> Task :app:processReleaseJavaRes NO-SOURCE
> Task :app:mergeReleaseStartupProfile
> Task :app:mergeReleaseShaders
> Task :app:compileReleaseShaders NO-SOURCE
> Task :app:generateReleaseAssets UP-TO-DATE

> Task :app:stripReleaseDebugSymbols
Unable to strip the following libraries, packaging them as they are: libhev-socks5-tunnel.so, libxray.so.

> Task :app:mergeReleaseAssets
> Task :app:extractReleaseNativeSymbolTables
> Task :app:compressReleaseAssets
> Task :app:mergeReleaseNativeDebugMetadata NO-SOURCE
> Task :app:extractReleaseVersionControlInfo
> Task :app:collectReleaseDependencies
> Task :app:sdkReleaseDependencyData
> Task :app:validateSigningRelease
> Task :app:writeReleaseAppMetadata
> Task :app:writeReleaseSigningConfigVersions
> Task :app:mergeReleaseJavaResource
> Task :app:processReleaseResources
> Task :app:compileReleaseJavaWithJavac FROM-CACHE
> Task :app:generateReleaseLintVitalReportModel
> Task :app:mergeReleaseGeneratedProguardFiles
> Task :app:expandReleaseArtProfileWildcards
> Task :app:convertLinkedResourcesToProtoRelease
> Task :app:lintVitalAnalyzeRelease
> Task :app:lintVitalReportRelease
> Task :app:lintVitalRelease
> Task :app:minifyReleaseWithR8
> Task :app:compileReleaseArtProfile
> Task :app:shrinkReleaseRes
> Task :app:convertShrunkResourcesToBinaryRelease
> Task :app:optimizeReleaseResources
> Task :app:packageRelease
> Task :app:createReleaseApkListingFileRedirect
> Task :app:assembleRelease
gradle/actions: Writing build results to /home/runner/work/_temp/.gradle-actions/build-results/__run_5-1789421274970.json

BUILD SUCCESSFUL in 1m 5s
51 actionable tasks: 44 executed, 6 from cache, 1 up-to-date

---- gradle test reports ----
== ./core/build/test-results/test/TEST-com.parsv2r.core.CoreChecksTest.xml
<?xml version="1.0" encoding="UTF-8"?>
<testsuite name="com.parsv2r.core.CoreChecksTest" tests="2" skipped="0" failures="0" errors="0" timestamp="2026-09-14T21:25:58" hostname="runnervmlun5p" time="0.039">
  <properties/>
  <testcase name="everyCoreCheckPasses" classname="com.parsv2r.core.CoreChecksTest" time="0.033"/>
  <testcase name="theSuiteIsNotEmpty" classname="com.parsv2r.core.CoreChecksTest" time="0.006"/>
  <system-out><![CDATA[]]></system-out>
  <system-err><![CDATA[]]></system-err>
</testsuite>
