job:    reviveprobe
commit: 9aa5efa517f30d234b8f9e6382a1016ce994b54b
run:    https://github.com/Amirmahdavi2022/parsv2r/actions/runs/36997871202
when:   2026-10-02T10:53:21Z

---- last 400 lines ----
AndroidLibXrayLite pin: fb6545fb939463e8bf87696022960ed3a6db80f0
replace github.com/xtls/xray-core => github.com/patterniha/xray-core v0.0.0-20260913140436-67191ffced1a
xray-core: github.com/patterniha/xray-core @ 67191ffced1a
go 1.27
go: downloading google.golang.org/protobuf v1.36.12
go: downloading google.golang.org/grpc v1.83.2
go: downloading github.com/refraction-networking/utls v1.8.3-0.20260301010127-aa6edf4b11af
go: downloading github.com/robfig/cron/v3 v3.0.1
go: downloading golang.org/x/net v0.58.0
go: downloading github.com/apernet/quic-go v0.61.1-0.20260806010916-184d081eef3e
go: downloading golang.org/x/sync v0.22.0
go: downloading github.com/cloudflare/circl v1.6.5
go: downloading lukechampine.com/blake3 v1.4.1
go: downloading github.com/pires/go-proxyproto v0.15.0
go: downloading golang.org/x/sys v0.47.0
go: downloading golang.org/x/crypto v0.55.0
go: downloading github.com/vishvananda/netlink v1.3.1
go: downloading golang.zx2c4.com/wireguard v0.0.0-20250521234502-f333402bd9cb
go: downloading gvisor.dev/gvisor v0.0.0-20260122175437-89a5d21be8f0
go: downloading github.com/xtls/reality v0.0.0-20260908062103-8cdf7bf9c7f0
go: downloading github.com/miekg/dns v1.1.73
go: downloading github.com/gorilla/websocket v1.5.3
go: downloading go4.org/netipx v0.0.0-20231129151722-fdeea329fbba
go: downloading github.com/klauspost/cpuid/v2 v2.4.0
go: downloading github.com/andybalholm/brotli v1.0.6
go: downloading github.com/klauspost/compress v1.17.4
go: downloading google.golang.org/genproto/googleapis/rpc v0.0.0-20260526163538-3dc84a4a5aaa
go: downloading github.com/ghodss/yaml v1.0.1-0.20220118164431-d8423dcdf344
go: downloading github.com/pelletier/go-toml v1.9.5
go: downloading github.com/google/uuid v1.6.0
go: downloading github.com/sagernet/sing-shadowsocks v0.2.7
go: downloading github.com/sagernet/sing v0.5.1
go: downloading github.com/vishvananda/netns v0.0.5
go: downloading github.com/google/btree v1.1.2
go: downloading golang.org/x/time v0.14.0
go: downloading github.com/quic-go/qpack v0.6.0
go: downloading golang.org/x/exp v0.0.0-20240506185415-9bf2ced13842
go: downloading github.com/juju/ratelimit v1.0.2
go: downloading golang.org/x/text v0.41.0
go: downloading gopkg.in/yaml.v2 v2.4.0
go: downloading github.com/libp2p/go-nat v1.0.1-0.20250821073202-01afc089f138
go: downloading github.com/pion/stun/v3 v3.1.7
go: downloading github.com/pion/logging v0.2.4
go: downloading github.com/pion/dtls/v3 v3.1.5
go: downloading github.com/pion/transport/v4 v4.1.0
go: downloading github.com/huin/goupnp v1.2.0
go: downloading github.com/jackpal/go-nat-pmp v1.0.2
go: downloading github.com/koron/go-ssdp v0.0.4
go: downloading github.com/libp2p/go-netroute v0.2.1
go: downloading github.com/wlynxg/anet v0.0.5
go: downloading github.com/google/gopacket v1.1.19
Xray 26.9.13 (Xray, Penetrates Everything.) 67191ff (go1.27.1 linux/amd64)
mask: {"tcp":[{"type":"fragment","settings":{"packets":"tlshello","lengths":["0","104","1"],"delays":["0"],"maxSplit":"0"}},{"type":"fragment","settings":{"packets":"1-1","lengths":["114","1"],"delays":["1"],"maxSplit":"11"}}]}
ciphers: TLS_AES_256_GCM_SHA384:TLS_CHACHA20_POLY1305_SHA256:TLS_AES_128_GCM_SHA256:TLS_ECDHE_ECDSA_WITH_AES_256_GCM_SHA384:TLS_ECDHE_RSA_WITH_AES_256_GCM_SHA384:TLS_ECDHE_ECDSA_WITH_AES_128_GCM_SHA256:TLS_ECDHE_RSA_WITH_AES_128_GCM_SHA256:TLS_ECDHE_ECDSA_WITH_CHACHA20_POLY1305_SHA256:TLS_ECDHE_RSA_WITH_CHACHA20_POLY1305_SHA256:TLS_ECDHE_ECDSA_WITH_AES_256_CBC_SHA:TLS_ECDHE_RSA_WITH_AES_256_CBC_SHA:TLS_ECDHE_ECDSA_WITH_AES_128_CBC_SHA256:TLS_ECDHE_RSA_WITH_AES_128_CBC_SHA256
==== 1. xray run -test on a VLESS+WS+TLS outbound ====
Xray 26.9.13 (Xray, Penetrates Everything.) 67191ff (go1.27.1 linux/amd64)
A unified platform for anti-censorship.
2026/10/02 10:53:07.668523 [Info] infra/conf/serial: Reading config: &{Name:vless.json Format:json}
2026/10/02 10:53:07.669073 [Warning] common/errors: The feature WebSocket transport (with ALPN http/1.1, etc.) is deprecated, not recommended for using and might be removed. Please migrate to XHTTP H2 & H3 as soon as possible.
Configuration OK.
==== 2. live HTTPS fetch, ClientHello pieces counted ====
-- baseline: http 200
  raw (first 40 lines):
    10:53:10.884884 eth0  Out IP 10.1.0.157.48900 > 140.82.112.23.443: Flags [.], ack 1575094159, win 83, options [nop,nop,TS val 679177358 ecr 1241494357], length 0
    10:53:10.884889 enP36362s1 Out IP 10.1.0.157.48900 > 140.82.112.23.443: Flags [.], ack 1, win 83, options [nop,nop,TS val 679177358 ecr 1241494357], length 0
    10:53:10.900159 enP36362s1 In  IP 140.82.112.23.443 > 10.1.0.157.48900: Flags [.], ack 1, win 73, options [nop,nop,TS val 1241509717 ecr 679131485], length 0
    10:53:10.900159 eth0  In  IP 140.82.112.23.443 > 10.1.0.157.48900: Flags [.], ack 1, win 73, options [nop,nop,TS val 1241509717 ecr 679131485], length 0
    10:53:11.694017 eth0  Out IP 10.1.0.157.44220 > 104.16.123.96.443: Flags [S], seq 3634013256, win 64240, options [mss 1460,sackOK,TS val 3290780242 ecr 0,nop,wscale 10], length 0
    10:53:11.694020 enP36362s1 Out IP 10.1.0.157.44220 > 104.16.123.96.443: Flags [S], seq 3634013256, win 64240, options [mss 1460,sackOK,TS val 3290780242 ecr 0,nop,wscale 10], length 0
    10:53:11.696660 enP36362s1 In  IP 104.16.123.96.443 > 10.1.0.157.44220: Flags [S.], seq 751860550, ack 3634013257, win 65535, options [mss 1400,sackOK,TS val 3675214961 ecr 3290780242,nop,wscale 13], length 0
    10:53:11.696660 eth0  In  IP 104.16.123.96.443 > 10.1.0.157.44220: Flags [S.], seq 751860550, ack 3634013257, win 65535, options [mss 1400,sackOK,TS val 3675214961 ecr 3290780242,nop,wscale 13], length 0
    10:53:11.696679 eth0  Out IP 10.1.0.157.44220 > 104.16.123.96.443: Flags [.], ack 1, win 63, options [nop,nop,TS val 3290780244 ecr 3675214961], length 0
    10:53:11.696680 enP36362s1 Out IP 10.1.0.157.44220 > 104.16.123.96.443: Flags [.], ack 1, win 63, options [nop,nop,TS val 3290780244 ecr 3675214961], length 0
    10:53:11.696795 eth0  Out IP 10.1.0.157.44220 > 104.16.123.96.443: Flags [P.], seq 1:518, ack 1, win 63, options [nop,nop,TS val 3290780244 ecr 3675214961], length 517
    10:53:11.696798 enP36362s1 Out IP 10.1.0.157.44220 > 104.16.123.96.443: Flags [P.], seq 1:518, ack 1, win 63, options [nop,nop,TS val 3290780244 ecr 3675214961], length 517
    10:53:11.698975 enP36362s1 In  IP 104.16.123.96.443 > 10.1.0.157.44220: Flags [.], ack 518, win 16, options [nop,nop,TS val 3675214964 ecr 3290780244], length 0
    10:53:11.698975 eth0  In  IP 104.16.123.96.443 > 10.1.0.157.44220: Flags [.], ack 518, win 16, options [nop,nop,TS val 3675214964 ecr 3290780244], length 0
    10:53:11.700523 enP36362s1 In  IP 104.16.123.96.443 > 10.1.0.157.44220: Flags [.], seq 1:1429, ack 518, win 16, options [nop,nop,TS val 3675214965 ecr 3290780244], length 1428
    10:53:11.700523 eth0  In  IP 104.16.123.96.443 > 10.1.0.157.44220: Flags [.], seq 1:1429, ack 518, win 16, options [nop,nop,TS val 3675214965 ecr 3290780244], length 1428
    10:53:11.700534 eth0  Out IP 10.1.0.157.44220 > 104.16.123.96.443: Flags [.], ack 1429, win 66, options [nop,nop,TS val 3290780248 ecr 3675214965], length 0
    10:53:11.700535 enP36362s1 Out IP 10.1.0.157.44220 > 104.16.123.96.443: Flags [.], ack 1429, win 66, options [nop,nop,TS val 3290780248 ecr 3675214965], length 0
    10:53:11.700541 enP36362s1 In  IP 104.16.123.96.443 > 10.1.0.157.44220: Flags [P.], seq 1429:2821, ack 518, win 16, options [nop,nop,TS val 3675214965 ecr 3290780244], length 1392
    10:53:11.700541 eth0  In  IP 104.16.123.96.443 > 10.1.0.157.44220: Flags [P.], seq 1429:2821, ack 518, win 16, options [nop,nop,TS val 3675214965 ecr 3290780244], length 1392
    10:53:11.700545 eth0  Out IP 10.1.0.157.44220 > 104.16.123.96.443: Flags [.], ack 2821, win 69, options [nop,nop,TS val 3290780248 ecr 3675214965], length 0
    10:53:11.700546 enP36362s1 Out IP 10.1.0.157.44220 > 104.16.123.96.443: Flags [.], ack 2821, win 69, options [nop,nop,TS val 3290780248 ecr 3675214965], length 0
    10:53:11.702164 eth0  Out IP 10.1.0.157.44220 > 104.16.123.96.443: Flags [P.], seq 518:598, ack 2821, win 69, options [nop,nop,TS val 3290780250 ecr 3675214965], length 80
    10:53:11.702166 enP36362s1 Out IP 10.1.0.157.44220 > 104.16.123.96.443: Flags [P.], seq 518:598, ack 2821, win 69, options [nop,nop,TS val 3290780250 ecr 3675214965], length 80
    10:53:11.702415 eth0  Out IP 10.1.0.157.44220 > 104.16.123.96.443: Flags [P.], seq 598:684, ack 2821, win 69, options [nop,nop,TS val 3290780250 ecr 3675214965], length 86
    10:53:11.702416 enP36362s1 Out IP 10.1.0.157.44220 > 104.16.123.96.443: Flags [P.], seq 598:684, ack 2821, win 69, options [nop,nop,TS val 3290780250 ecr 3675214965], length 86
    10:53:11.702458 eth0  Out IP 10.1.0.157.44220 > 104.16.123.96.443: Flags [P.], seq 684:760, ack 2821, win 69, options [nop,nop,TS val 3290780250 ecr 3675214965], length 76
    10:53:11.702459 enP36362s1 Out IP 10.1.0.157.44220 > 104.16.123.96.443: Flags [P.], seq 684:760, ack 2821, win 69, options [nop,nop,TS val 3290780250 ecr 3675214965], length 76
    10:53:11.704497 enP36362s1 In  IP 104.16.123.96.443 > 10.1.0.157.44220: Flags [P.], seq 2821:3365, ack 598, win 16, options [nop,nop,TS val 3675214969 ecr 3290780250], length 544
    10:53:11.704497 eth0  In  IP 104.16.123.96.443 > 10.1.0.157.44220: Flags [P.], seq 2821:3365, ack 598, win 16, options [nop,nop,TS val 3675214969 ecr 3290780250], length 544
    10:53:11.704633 enP36362s1 In  IP 104.16.123.96.443 > 10.1.0.157.44220: Flags [P.], seq 3365:3396, ack 684, win 16, options [nop,nop,TS val 3675214969 ecr 3290780250], length 31
    10:53:11.704633 eth0  In  IP 104.16.123.96.443 > 10.1.0.157.44220: Flags [P.], seq 3365:3396, ack 684, win 16, options [nop,nop,TS val 3675214969 ecr 3290780250], length 31
    10:53:11.704649 eth0  Out IP 10.1.0.157.44220 > 104.16.123.96.443: Flags [P.], seq 760:791, ack 3396, win 72, options [nop,nop,TS val 3290780252 ecr 3675214969], length 31
    10:53:11.704650 enP36362s1 Out IP 10.1.0.157.44220 > 104.16.123.96.443: Flags [P.], seq 760:791, ack 3396, win 72, options [nop,nop,TS val 3290780252 ecr 3675214969], length 31
    10:53:11.706583 enP36362s1 In  IP 104.16.123.96.443 > 10.1.0.157.44220: Flags [P.], seq 3396:4041, ack 760, win 16, options [nop,nop,TS val 3675214971 ecr 3290780250], length 645
    10:53:11.706583 eth0  In  IP 104.16.123.96.443 > 10.1.0.157.44220: Flags [P.], seq 3396:4041, ack 760, win 16, options [nop,nop,TS val 3675214971 ecr 3290780250], length 645
    10:53:11.706735 enP36362s1 In  IP 104.16.123.96.443 > 10.1.0.157.44220: Flags [P.], seq 4041:4315, ack 760, win 16, options [nop,nop,TS val 3675214971 ecr 3290780250], length 274
    10:53:11.706735 eth0  In  IP 104.16.123.96.443 > 10.1.0.157.44220: Flags [P.], seq 4041:4315, ack 760, win 16, options [nop,nop,TS val 3675214971 ecr 3290780250], length 274
    10:53:11.706754 eth0  Out IP 10.1.0.157.44220 > 104.16.123.96.443: Flags [.], ack 4315, win 78, options [nop,nop,TS val 3290780254 ecr 3675214971], length 0
    10:53:11.706755 enP36362s1 Out IP 10.1.0.157.44220 > 104.16.123.96.443: Flags [.], ack 4315, win 78, options [nop,nop,TS val 3290780254 ecr 3675214971], length 0
  out #1 517
  out #2 517
  pieces before the server answered: 2
-- revive: http 200
  raw (first 40 lines):
    10:53:18.778667 eth0  Out IP 10.1.0.157.44222 > 104.16.123.96.443: Flags [S], seq 3893367935, win 64240, options [mss 1460,sackOK,TS val 3290787326 ecr 0,nop,wscale 10], length 0
    10:53:18.778671 enP36362s1 Out IP 10.1.0.157.44222 > 104.16.123.96.443: Flags [S], seq 3893367935, win 64240, options [mss 1460,sackOK,TS val 3290787326 ecr 0,nop,wscale 10], length 0
    10:53:18.782054 enP36362s1 In  IP 104.16.123.96.443 > 10.1.0.157.44222: Flags [S.], seq 3007334785, ack 3893367936, win 65535, options [mss 1400,sackOK,TS val 782263372 ecr 3290787326,nop,wscale 13], length 0
    10:53:18.782054 eth0  In  IP 104.16.123.96.443 > 10.1.0.157.44222: Flags [S.], seq 3007334785, ack 3893367936, win 65535, options [mss 1400,sackOK,TS val 782263372 ecr 3290787326,nop,wscale 13], length 0
    10:53:18.782073 eth0  Out IP 10.1.0.157.44222 > 104.16.123.96.443: Flags [.], ack 1, win 63, options [nop,nop,TS val 3290787330 ecr 782263372], length 0
    10:53:18.782074 enP36362s1 Out IP 10.1.0.157.44222 > 104.16.123.96.443: Flags [.], ack 1, win 63, options [nop,nop,TS val 3290787330 ecr 782263372], length 0
    10:53:18.782213 eth0  Out IP 10.1.0.157.44222 > 104.16.123.96.443: Flags [P.], seq 1:115, ack 1, win 63, options [nop,nop,TS val 3290787330 ecr 782263372], length 114
    10:53:18.782214 enP36362s1 Out IP 10.1.0.157.44222 > 104.16.123.96.443: Flags [P.], seq 1:115, ack 1, win 63, options [nop,nop,TS val 3290787330 ecr 782263372], length 114
    10:53:18.783301 eth0  Out IP 10.1.0.157.44222 > 104.16.123.96.443: Flags [P.], seq 115:116, ack 1, win 63, options [nop,nop,TS val 3290787331 ecr 782263372], length 1
    10:53:18.783302 enP36362s1 Out IP 10.1.0.157.44222 > 104.16.123.96.443: Flags [P.], seq 115:116, ack 1, win 63, options [nop,nop,TS val 3290787331 ecr 782263372], length 1
    10:53:18.784398 eth0  Out IP 10.1.0.157.44222 > 104.16.123.96.443: Flags [P.], seq 116:117, ack 1, win 63, options [nop,nop,TS val 3290787332 ecr 782263372], length 1
    10:53:18.784400 enP36362s1 Out IP 10.1.0.157.44222 > 104.16.123.96.443: Flags [P.], seq 116:117, ack 1, win 63, options [nop,nop,TS val 3290787332 ecr 782263372], length 1
    10:53:18.784564 enP36362s1 In  IP 104.16.123.96.443 > 10.1.0.157.44222: Flags [.], ack 115, win 16, options [nop,nop,TS val 782263376 ecr 3290787330], length 0
    10:53:18.784564 eth0  In  IP 104.16.123.96.443 > 10.1.0.157.44222: Flags [.], ack 115, win 16, options [nop,nop,TS val 782263376 ecr 3290787330], length 0
    10:53:18.785495 eth0  Out IP 10.1.0.157.44222 > 104.16.123.96.443: Flags [P.], seq 117:118, ack 1, win 63, options [nop,nop,TS val 3290787333 ecr 782263376], length 1
    10:53:18.785497 enP36362s1 Out IP 10.1.0.157.44222 > 104.16.123.96.443: Flags [P.], seq 117:118, ack 1, win 63, options [nop,nop,TS val 3290787333 ecr 782263376], length 1
    10:53:18.785825 enP36362s1 In  IP 104.16.123.96.443 > 10.1.0.157.44222: Flags [.], ack 116, win 16, options [nop,nop,TS val 782263377 ecr 3290787331], length 0
    10:53:18.785825 eth0  In  IP 104.16.123.96.443 > 10.1.0.157.44222: Flags [.], ack 116, win 16, options [nop,nop,TS val 782263377 ecr 3290787331], length 0
    10:53:18.786589 eth0  Out IP 10.1.0.157.44222 > 104.16.123.96.443: Flags [P.], seq 118:119, ack 1, win 63, options [nop,nop,TS val 3290787334 ecr 782263377], length 1
    10:53:18.786590 enP36362s1 Out IP 10.1.0.157.44222 > 104.16.123.96.443: Flags [P.], seq 118:119, ack 1, win 63, options [nop,nop,TS val 3290787334 ecr 782263377], length 1
    10:53:18.786880 enP36362s1 In  IP 104.16.123.96.443 > 10.1.0.157.44222: Flags [.], ack 117, win 16, options [nop,nop,TS val 782263378 ecr 3290787332], length 0
    10:53:18.786880 eth0  In  IP 104.16.123.96.443 > 10.1.0.157.44222: Flags [.], ack 117, win 16, options [nop,nop,TS val 782263378 ecr 3290787332], length 0
    10:53:18.787676 eth0  Out IP 10.1.0.157.44222 > 104.16.123.96.443: Flags [P.], seq 119:120, ack 1, win 63, options [nop,nop,TS val 3290787335 ecr 782263378], length 1
    10:53:18.787677 enP36362s1 Out IP 10.1.0.157.44222 > 104.16.123.96.443: Flags [P.], seq 119:120, ack 1, win 63, options [nop,nop,TS val 3290787335 ecr 782263378], length 1
    10:53:18.787872 enP36362s1 In  IP 104.16.123.96.443 > 10.1.0.157.44222: Flags [.], ack 118, win 16, options [nop,nop,TS val 782263379 ecr 3290787333], length 0
    10:53:18.787872 eth0  In  IP 104.16.123.96.443 > 10.1.0.157.44222: Flags [.], ack 118, win 16, options [nop,nop,TS val 782263379 ecr 3290787333], length 0
    10:53:18.788769 eth0  Out IP 10.1.0.157.44222 > 104.16.123.96.443: Flags [P.], seq 120:121, ack 1, win 63, options [nop,nop,TS val 3290787336 ecr 782263379], length 1
    10:53:18.788770 enP36362s1 Out IP 10.1.0.157.44222 > 104.16.123.96.443: Flags [P.], seq 120:121, ack 1, win 63, options [nop,nop,TS val 3290787336 ecr 782263379], length 1
    10:53:18.789227 enP36362s1 In  IP 104.16.123.96.443 > 10.1.0.157.44222: Flags [.], ack 119, win 16, options [nop,nop,TS val 782263380 ecr 3290787334], length 0
    10:53:18.789227 eth0  In  IP 104.16.123.96.443 > 10.1.0.157.44222: Flags [.], ack 119, win 16, options [nop,nop,TS val 782263380 ecr 3290787334], length 0
    10:53:18.789867 eth0  Out IP 10.1.0.157.44222 > 104.16.123.96.443: Flags [P.], seq 121:122, ack 1, win 63, options [nop,nop,TS val 3290787338 ecr 782263380], length 1
    10:53:18.789869 enP36362s1 Out IP 10.1.0.157.44222 > 104.16.123.96.443: Flags [P.], seq 121:122, ack 1, win 63, options [nop,nop,TS val 3290787338 ecr 782263380], length 1
    10:53:18.790001 enP36362s1 In  IP 104.16.123.96.443 > 10.1.0.157.44222: Flags [.], ack 120, win 16, options [nop,nop,TS val 782263381 ecr 3290787335], length 0
    10:53:18.790001 eth0  In  IP 104.16.123.96.443 > 10.1.0.157.44222: Flags [.], ack 120, win 16, options [nop,nop,TS val 782263381 ecr 3290787335], length 0
    10:53:18.790959 eth0  Out IP 10.1.0.157.44222 > 104.16.123.96.443: Flags [P.], seq 122:123, ack 1, win 63, options [nop,nop,TS val 3290787339 ecr 782263381], length 1
    10:53:18.790960 enP36362s1 Out IP 10.1.0.157.44222 > 104.16.123.96.443: Flags [P.], seq 122:123, ack 1, win 63, options [nop,nop,TS val 3290787339 ecr 782263381], length 1
    10:53:18.791138 enP36362s1 In  IP 104.16.123.96.443 > 10.1.0.157.44222: Flags [.], ack 121, win 16, options [nop,nop,TS val 782263382 ecr 3290787336], length 0
    10:53:18.791138 eth0  In  IP 104.16.123.96.443 > 10.1.0.157.44222: Flags [.], ack 121, win 16, options [nop,nop,TS val 782263382 ecr 3290787336], length 0
    10:53:18.792051 eth0  Out IP 10.1.0.157.44222 > 104.16.123.96.443: Flags [P.], seq 123:124, ack 1, win 63, options [nop,nop,TS val 3290787340 ecr 782263382], length 1
    10:53:18.792052 enP36362s1 Out IP 10.1.0.157.44222 > 104.16.123.96.443: Flags [P.], seq 123:124, ack 1, win 63, options [nop,nop,TS val 3290787340 ecr 782263382], length 1

---- gradle test reports ----
